Flow report for MaxValStaticRAM
Sun Mar 21 22:17:52 2010
Quartus II Version 9.1 Build 222 10/21/2009 SJ Web Edition


---------------------
; Table of Contents ;
---------------------
  1. Legal Notice
  2. Flow Summary
  3. Flow Settings
  4. Flow Non-Default Global Settings
  5. Flow Elapsed Time
  6. Flow OS Summary
  7. Flow Log



----------------
; Legal Notice ;
----------------
Copyright (C) 1991-2009 Altera Corporation
Your use of Altera Corporation's design tools, logic functions 
and other software and tools, and its AMPP partner logic 
functions, and any output files from any of the foregoing 
(including device programming or simulation files), and any 
associated documentation or information are expressly subject 
to the terms and conditions of the Altera Program License 
Subscription Agreement, Altera MegaCore Function License 
Agreement, or other applicable license agreement, including, 
without limitation, that your use is for the sole purpose of 
programming logic devices manufactured by Altera and sold by 
Altera or its authorized distributors.  Please refer to the 
applicable agreement for further details.



+------------------------------------------------------------------------------+
; Flow Summary                                                                 ;
+------------------------------------+-----------------------------------------+
; Flow Status                        ; Successful - Sun Mar 21 22:17:52 2010   ;
; Quartus II Version                 ; 9.1 Build 222 10/21/2009 SJ Web Edition ;
; Revision Name                      ; MaxValStaticRAM                         ;
; Top-level Entity Name              ; MaxValStaticRAM                         ;
; Family                             ; Cyclone II                              ;
; Device                             ; EP2C35F672C6                            ;
; Timing Models                      ; Final                                   ;
; Met timing requirements            ; Yes                                     ;
; Total logic elements               ; 64 / 33,216 ( < 1 % )                   ;
;     Total combinational functions  ; 64 / 33,216 ( < 1 % )                   ;
;     Dedicated logic registers      ; 28 / 33,216 ( < 1 % )                   ;
; Total registers                    ; 28                                      ;
; Total pins                         ; 39 / 475 ( 8 % )                        ;
; Total virtual pins                 ; 0                                       ;
; Total memory bits                  ; 8,192 / 483,840 ( 2 % )                 ;
; Embedded Multiplier 9-bit elements ; 0 / 70 ( 0 % )                          ;
; Total PLLs                         ; 0 / 4 ( 0 % )                           ;
+------------------------------------+-----------------------------------------+


+-----------------------------------------+
; Flow Settings                           ;
+-------------------+---------------------+
; Option            ; Setting             ;
+-------------------+---------------------+
; Start date & time ; 03/21/2010 22:17:31 ;
; Main task         ; Compilation         ;
; Revision Name     ; MaxValStaticRAM     ;
+-------------------+---------------------+


+-----------------------------------------------------------------------------------------------------------------------------------------------------------------------------------------------------------------------------------+
; Flow Non-Default Global Settings                                                                                                                                                                                                  ;
+------------------------------------+-----------------------------------------------------------------------------------------------------------------------------------------------+---------------+-------------+----------------+
; Assignment Name                    ; Value                                                                                                                                         ; Default Value ; Entity Name ; Section Id     ;
+------------------------------------+-----------------------------------------------------------------------------------------------------------------------------------------------+---------------+-------------+----------------+
; COMPILER_SIGNATURE_ID              ; 1095630580615.126922425102236                                                                                                                 ; --            ; --          ; --             ;
; EDA_OUTPUT_DATA_FORMAT             ; Verilog Hdl                                                                                                                                   ; --            ; --          ; eda_simulation ;
; EDA_SIMULATION_TOOL                ; ModelSim-Altera (Verilog)                                                                                                                     ; <None>        ; --          ; --             ;
; EDA_TIME_SCALE                     ; 1 ps                                                                                                                                          ; --            ; --          ; eda_simulation ;
; IP_TOOL_NAME                       ; LPM_RAM_DP                                                                                                                                    ; --            ; --          ; --             ;
; IP_TOOL_VERSION                    ; 9.1                                                                                                                                           ; --            ; --          ; --             ;
; MAX_CORE_JUNCTION_TEMP             ; 85                                                                                                                                            ; --            ; --          ; --             ;
; MIN_CORE_JUNCTION_TEMP             ; 0                                                                                                                                             ; --            ; --          ; --             ;
; MISC_FILE                          ; lpm_ram_dp0.bsf                                                                                                                               ; --            ; --          ; --             ;
; MISC_FILE                          ; lpm_ram_dp0_bb.v                                                                                                                              ; --            ; --          ; --             ;
; MISC_FILE                          ; C:/Documents and Settings/carlos.lazo/Desktop/ELDP/UNIV/Classes/ECE 574 - Verilog Modeling and Synthesis/Homework/HW5/Pt3/MaxValStaticRAM.dpf ; --            ; --          ; --             ;
; PARTITION_COLOR                    ; 16764057                                                                                                                                      ; --            ; --          ; Top            ;
; PARTITION_NETLIST_TYPE             ; SOURCE                                                                                                                                        ; --            ; --          ; Top            ;
; USE_GENERATED_PHYSICAL_CONSTRAINTS ; Off                                                                                                                                           ; --            ; --          ; eda_blast_fpga ;
+------------------------------------+-----------------------------------------------------------------------------------------------------------------------------------------------+---------------+-------------+----------------+


+-----------------------------------------------------------------------------------------------------------------------------+
; Flow Elapsed Time                                                                                                           ;
+-------------------------+--------------+-------------------------+---------------------+------------------------------------+
; Module Name             ; Elapsed Time ; Average Processors Used ; Peak Virtual Memory ; Total CPU Time (on all processors) ;
+-------------------------+--------------+-------------------------+---------------------+------------------------------------+
; Analysis & Synthesis    ; 00:00:02     ; 1.0                     ; 174 MB              ; 00:00:02                           ;
; Fitter                  ; 00:00:09     ; 1.0                     ; 225 MB              ; 00:00:09                           ;
; Assembler               ; 00:00:03     ; 1.0                     ; 210 MB              ; 00:00:03                           ;
; Classic Timing Analyzer ; 00:00:00     ; 1.0                     ; 116 MB              ; 00:00:01                           ;
; EDA Netlist Writer      ; 00:00:00     ; 1.0                     ; 128 MB              ; 00:00:01                           ;
; Total                   ; 00:00:14     ; --                      ; --                  ; 00:00:16                           ;
+-------------------------+--------------+-------------------------+---------------------+------------------------------------+


+---------------------------------------------------------------------------------------+
; Flow OS Summary                                                                       ;
+-------------------------+------------------+------------+------------+----------------+
; Module Name             ; Machine Hostname ; OS Name    ; OS Version ; Processor type ;
+-------------------------+------------------+------------+------------+----------------+
; Analysis & Synthesis    ; gldlaa947630     ; Windows XP ; 5.1        ; i686           ;
; Fitter                  ; gldlaa947630     ; Windows XP ; 5.1        ; i686           ;
; Assembler               ; gldlaa947630     ; Windows XP ; 5.1        ; i686           ;
; Classic Timing Analyzer ; gldlaa947630     ; Windows XP ; 5.1        ; i686           ;
; EDA Netlist Writer      ; gldlaa947630     ; Windows XP ; 5.1        ; i686           ;
+-------------------------+------------------+------------+------------+----------------+


------------
; Flow Log ;
------------
quartus_map --read_settings_files=on --write_settings_files=off MaxValStaticRAM -c MaxValStaticRAM
quartus_fit --read_settings_files=off --write_settings_files=off MaxValStaticRAM -c MaxValStaticRAM
quartus_asm --read_settings_files=off --write_settings_files=off MaxValStaticRAM -c MaxValStaticRAM
quartus_tan --read_settings_files=off --write_settings_files=off MaxValStaticRAM -c MaxValStaticRAM --timing_analysis_only
quartus_eda --read_settings_files=off --write_settings_files=off MaxValStaticRAM -c MaxValStaticRAM



